---
source: tests/mod.rs
input_file: tests/fixtures/box.ts
---
type V = number;
