---
source: tests/mod.rs
input_file: tests/fixtures/basic.ts
---
type A = string;
type B = number;
type C = boolean;
type D = bigint;
type E = null;
type F = 1;
