---
source: tests/mod.rs
input_file: tests/fixtures/function.ts
---
type T1 = string;
type T2 = 2;
